    -----------------
    | Tight Binding |
    -----------------

The model is taken from the following papers:

Construction of tight-binding-like potentials on the basis of density functional theory: Application to carbon
D. Porezag, Th. Frauenheim, Th. Kohler, G. Seifert and R. Kaschner
Physical Review B 51, 12947 (1995)

Comparison of classical and tight-binding molecular-dynamics for silicon growth
H. Hensel, P. Klein, H. M. Urbassek and Th. Frauenheim
Phys. Rev. B 53, 16497 (1996)

Hydrogen bonding and stacking interactions of nucleic acid base pairs: A density-functional theory based treatment
M. Elstner, P. Hobza, Th. Frauenheim, S. Suhai and E. Kaxiras
Journal of Chemical Physics 114, 5149 (2001)

Model characteristics
---------------------
Tabulated tight binding
Overlap      : 1
Crystal field: 0
Three centre : 0
N_{ij} Integrals : 0
SN Integrals: 0
Self-consistency parameters:
----------------------------
Number of loops         = 30
Energy tolerance        = 0.000000
Density tolerance       = 0.000001
Mixing scheme           = 0
Preconditioning type    = 1
Thomas-Fermi K          = 1.000000
Mix factor              = 0.200000
Number of mixing levels = 0

Other parameters:
-----------------
Excess number of electrons = 0.000000

State occupation parameters
---------------------------
Number tolerance =      1e-12
Atomic relaxation parameters:
-----------------------------
Relaxation method       = 3
Force tolerance         = 0.000100Ry/a0
Maximum number of steps = 1000

K points:
---------

K points:
---------


No External Field specified.

Atomic data:
------------
Atom Type #    1
----------------
Chemical symbol           : C 
Core charge               : 4.000000
Number of angular momenta : 2
Number of orbitals        : 4
Atomic radius             : 3.750000
Atomic energy correction  : 0.082680
  n l m     energy     occupancy    radius
  2 0 0   -0.997600     2.000000     3.500000
  2 1 0   -0.394800     2.000000     3.500000
  2 1 1   -0.394800     0.000000     3.500000
  2 1 2   -0.394800     0.000000     3.500000

Atom Type #    2
----------------
Chemical symbol           : H 
Core charge               : 1.000000
Number of angular momenta : 1
Number of orbitals        : 1
Atomic radius             : 3.500000
Atomic energy correction  : 0.066060
  n l m     energy     occupancy    radius
  1 0 0   -0.466000     1.000000     3.500000

Orbital and electron count:
---------------------------
Number of orbitals  = 30
Number of electrons = 30.000000

Too few bands to accomodate the electrons.
NBands = 0, NElec = 30.000000
Setting number of bands to number of orbitals.

Diagonalizer information:
-------------------------
Using Unpacked LAPACK routine
NBands = 30


Terminal chemical potentials:
mu[  0] =      -0.400865
mu[  1] =      -0.400865

scf :  0) E =      -6.265943139 Ry  dRho =     0.0729  Q =   4.94e-11  t =       0.0 s

Terminal chemical potentials:
mu[  0] =     -0.3960161
mu[  1] =     -0.3960161

scf :  1) E =      -6.072431731 Ry  dRho =     0.0592  Q =  -5.03e-11  t =       0.0 s

Terminal chemical potentials:
mu[  0] =     -0.3929239
mu[  1] =     -0.3929239

scf :  2) E =      -5.935898814 Ry  dRho =     0.0465  Q =  -5.53e-11  t =       0.0 s

Terminal chemical potentials:
mu[  0] =     -0.3918254
mu[  1] =     -0.3918254

scf :  3) E =      -5.869183451 Ry  dRho =     0.0359  Q =   6.75e-13  t =       0.0 s

Terminal chemical potentials:
mu[  0] =     -0.3902242
mu[  1] =     -0.3902242

scf :  4) E =      -5.796224608 Ry  dRho =     0.0277  Q =  -6.38e-11  t =       0.0 s

Terminal chemical potentials:
mu[  0] =     -0.3877974
mu[  1] =     -0.3877974

scf :  5) E =      -5.705291693 Ry  dRho =      0.021  Q =   6.12e-13  t =       0.0 s

Terminal chemical potentials:
mu[  0] =     -0.3846098
mu[  1] =     -0.3846098

scf :  6) E =      -5.596132104 Ry  dRho =     0.0153  Q =   8.94e-14  t =       0.0 s

Terminal chemical potentials:
mu[  0] =     -0.3819233
mu[  1] =     -0.3819233

scf :  7) E =      -5.505160535 Ry  dRho =     0.0111  Q =   1.25e-12  t =       0.0 s

Terminal chemical potentials:
mu[  0] =     -0.3799277
mu[  1] =     -0.3799277

scf :  8) E =      -5.437390724 Ry  dRho =    0.00808  Q =  -6.29e-11  t =       0.0 s

Terminal chemical potentials:
mu[  0] =     -0.3784367
mu[  1] =     -0.3784367

scf :  9) E =      -5.386745868 Ry  dRho =    0.00593  Q =  -5.27e-11  t =       0.0 s

Terminal chemical potentials:
mu[  0] =      -0.377317
mu[  1] =      -0.377317

scf : 10) E =      -5.348776107 Ry  dRho =    0.00437  Q =  -9.01e-11  t =       0.0 s

Terminal chemical potentials:
mu[  0] =     -0.3764721
mu[  1] =     -0.3764721

scf : 11) E =      -5.320215236 Ry  dRho =    0.00325  Q =   6.28e-13  t =       0.0 s

Terminal chemical potentials:
mu[  0] =     -0.3758318
mu[  1] =     -0.3758318

scf : 12) E =      -5.298659957 Ry  dRho =    0.00242  Q =  -6.82e-11  t =       0.0 s

Terminal chemical potentials:
mu[  0] =     -0.3753445
mu[  1] =     -0.3753445

scf : 13) E =      -5.282337309 Ry  dRho =    0.00182  Q =  -6.09e-11  t =       0.0 s

Terminal chemical potentials:
mu[  0] =     -0.3749724
mu[  1] =     -0.3749724

scf : 14) E =      -5.269935719 Ry  dRho =    0.00137  Q =   4.79e-13  t =       0.0 s

Terminal chemical potentials:
mu[  0] =     -0.3746871
mu[  1] =     -0.3746871

scf : 15) E =      -5.260482094 Ry  dRho =    0.00104  Q =   4.73e-13  t =       0.0 s

Terminal chemical potentials:
mu[  0] =     -0.3744677
mu[  1] =     -0.3744677

scf : 16) E =      -5.253252272 Ry  dRho =   0.000794  Q =   2.37e-13  t =       0.0 s

Terminal chemical potentials:
mu[  0] =     -0.3742984
mu[  1] =     -0.3742984

scf : 17) E =      -5.247705626 Ry  dRho =   0.000609  Q =   5.85e-13  t =       0.0 s

Terminal chemical potentials:
mu[  0] =     -0.3741673
mu[  1] =     -0.3741673

scf : 18) E =       -5.24343724 Ry  dRho =   0.000469  Q =   6.87e-13  t =       0.0 s

Terminal chemical potentials:
mu[  0] =     -0.3740656
mu[  1] =     -0.3740656

scf : 19) E =      -5.240142829 Ry  dRho =   0.000363  Q =   3.43e-13  t =       0.0 s

Terminal chemical potentials:
mu[  0] =     -0.3739865
mu[  1] =     -0.3739865

scf : 20) E =      -5.237592964 Ry  dRho =   0.000281  Q =   4.52e-13  t =       0.0 s

Terminal chemical potentials:
mu[  0] =     -0.3739248
mu[  1] =     -0.3739248

scf : 21) E =      -5.235614071 Ry  dRho =   0.000219  Q =   6.73e-13  t =       0.0 s

Terminal chemical potentials:
mu[  0] =     -0.3738765
mu[  1] =     -0.3738765

scf : 22) E =      -5.234074392 Ry  dRho =   0.000171  Q =   5.06e-13  t =       0.0 s

Terminal chemical potentials:
mu[  0] =     -0.3738387
mu[  1] =     -0.3738387

scf : 23) E =      -5.232873578 Ry  dRho =   0.000134  Q =   9.54e-13  t =       0.0 s

Terminal chemical potentials:
mu[  0] =     -0.3738091
mu[  1] =     -0.3738091

scf : 24) E =       -5.23193495 Ry  dRho =   0.000105  Q =      8e-11  t =       0.0 s

Terminal chemical potentials:
mu[  0] =     -0.3737857
mu[  1] =     -0.3737857

scf : 25) E =      -5.231199729 Ry  dRho =   8.21e-05  Q =   6.29e-11  t =       0.0 s

Terminal chemical potentials:
mu[  0] =     -0.3737673
mu[  1] =     -0.3737673

scf : 26) E =      -5.230622718 Ry  dRho =   6.45e-05  Q =   9.87e-11  t =       0.0 s

Terminal chemical potentials:
mu[  0] =     -0.3737528
mu[  1] =     -0.3737528

scf : 27) E =      -5.230169058 Ry  dRho =   5.08e-05  Q =  -2.01e-13  t =       0.0 s

Terminal chemical potentials:
mu[  0] =     -0.3737414
mu[  1] =     -0.3737414

scf : 28) E =      -5.229811793 Ry  dRho =      4e-05  Q =  -1.35e-13  t =       0.0 s

Terminal chemical potentials:
mu[  0] =     -0.3737323
mu[  1] =     -0.3737323

scf : 29) E =      -5.229530012 Ry  dRho =   3.15e-05  Q =  -4.91e-13  t =       0.0 s

Terminal chemical potentials:
mu[  0] =     -0.3737251
mu[  1] =     -0.3737251

scf : 30) E =       -5.22930746 Ry  dRho =   2.48e-05  Q =   7.69e-11  t =       0.0 s

Terminal chemical potentials:
mu[  0] =     -0.3737251
mu[  1] =     -0.3737251


Primitive translation vectors (a0):
-----------------------------------
   100.00000      0.00000      0.00000
     0.00000    100.00000      0.00000
     0.00000      0.00000    100.00000
Volume       = 1000000.000000 a0^3
Cell repeats =    0    0    0

Number of atoms = 12
Neighbor cutoff =      7.50000 a0

Atomic positions (a0):
----------------------
C      -0.79999      2.50310     -0.07062
C      -1.87695      0.83016      1.65292
C       1.08821      1.66934     -1.69346
H      -1.37221      4.41607     -0.23146
H      -3.38695      1.43292      2.90046
H       1.92757      2.94345     -3.02338
C      -1.08821     -1.66934      1.69346
C       1.87695     -0.83016     -1.65292
C       0.79999     -2.50310      0.07062
H      -1.92757     -2.94345      3.02338
H       3.38695     -1.43292     -2.90046
H       1.37221     -4.41607      0.23146

Total forces (Ry/a0):
---------------------
     0.0273222276    -0.07839223978    0.001693305696
    0.03089111199    -0.01252505903    -0.03883281279
   -0.02336744782    -0.05261452948     0.03617102978
   -0.02797358893     0.07135691477    0.004393298347
   -0.02496605966     0.01398669671     0.02318741341
    0.02237011515     0.03904593467    -0.03650372761
    0.09568269316     0.01849137397    -0.09741388651
   -0.02702323931    -0.06765365299      0.0665863306
   -0.03570694248      0.1009662987  -0.0002456394958
   -0.02172629802    -0.03899789059     0.03576641759
   -0.02070894129    0.003875851647      0.0148640628
   0.005206369597    0.002460301382   -0.009665791826

Stress Tensor (MBars):
----------------------
  2.114372744e-05   2.312255224e-06   -2.27863843e-05
  2.312262156e-06  -3.908829412e-06  -2.392870806e-07
 -2.278638866e-05  -2.392770605e-07   2.371667556e-05

EFermi =      0.0000000 Ry
(kT    =      0.0010000 Ry)

E0               =      2.5829567 Ry
E1               =     -7.8122641 Ry
Entropy          =      0.0000000 Ry
------------------------------------
Total (Free)     =     -5.2293075 Ry
                 =    -71.1489114 eV
                 =  -1644.8786614 kCal/mol
                 =  -6881.7686167 kJ/mol
------------------------------------
Total (Internal) =     -5.2293075 Ry
                 =    -71.1489114 eV
                 =  -1644.8786614 kCal/mol
                 =  -6881.7686167 kJ/mol
------------------------------------
Total (kT->0)    =     -5.2293075 Ry
                 =    -71.1489114 eV
                 =  -1644.8786614 kCal/mol
                 =  -6881.7686167 kJ/mol

Net atomic charges (Mulliken):
------------------------------
C (   1) =     -0.04487
C (   2) =     -0.05150
C (   3) =     -0.05509
H (   4) =      0.05118
H (   5) =      0.04951
H (   6) =      0.04961
C (   7) =     -0.03371
C (   8) =     -0.01962
C (   9) =     -0.08999
H (  10) =      0.04879
H (  11) =      0.03559
H (  12) =      0.06010

Orbital populations (Mulliken):
-------------------------------
C (   1):  1.18  0.96  0.96  0.95 
C (   2):  1.18  0.97  0.97  0.94 
C (   3):  1.18  0.97  0.97  0.94 
H (   4):  0.95 
H (   5):  0.95 
H (   6):  0.95 
C (   7):  1.18  0.96  0.96  0.94 
C (   8):  1.18  0.95  0.96  0.93 
C (   9):  1.18  0.97  0.98  0.96 
H (  10):  0.95 
H (  11):  0.96 
H (  12):  0.94 

Total multipole moments:
------------------------

N.B. See the manual for the ordering of the moments.

Dipole  [e*a0]:   0.02027178  -0.03282120   0.03370829
Dipole [Debye]:   0.05152573  -0.08342315   0.08567791

Quadrupole  [e*a0^2]:  -0.50453352  -0.46417923  -1.49613366   0.91548880  -0.68776756  -0.41095528
Quadrupole [Debye*A]:  -0.67861456  -0.62433668  -2.01235011   1.23136323  -0.92507051  -0.55274868


Electrostatic potential:
------------------------
C (   1):     0.02676578
C (   2):     0.02723935
C (   3):     0.02774699
H (   4):  -0.0009654486
H (   5):  -0.0007052889
H (   6):   0.0004147925
C (   7):     0.02935427
C (   8):     0.03101672
C (   9):     0.03294203
H (  10):   0.0004346627
H (  11):    0.005280745
H (  12):    0.005385947

Electric current
----------------
Current[0] =  1.0185631e-08 mA

Time distribution (s):
======================
BuildFock                   0.00
DiagFock                    0.00
BuildForce                  0.00
Build Rho                   0.00


Wall time =       0.0s        0.0m        0.0h
CPU time  =       0.1s        0.0m        0.0h