    -----------------
    | Tight Binding |
    -----------------

The model is taken from the following papers:

Construction of tight-binding-like potentials on the basis of density functional theory: Application to carbon
D. Porezag, Th. Frauenheim, Th. Kohler, G. Seifert and R. Kaschner
Physical Review B 51, 12947 (1995)

Comparison of classical and tight-binding molecular-dynamics for silicon growth
H. Hensel, P. Klein, H. M. Urbassek and Th. Frauenheim
Phys. Rev. B 53, 16497 (1996)

Hydrogen bonding and stacking interactions of nucleic acid base pairs: A density-functional theory based treatment
M. Elstner, P. Hobza, Th. Frauenheim, S. Suhai and E. Kaxiras
Journal of Chemical Physics 114, 5149 (2001)

Model characteristics
---------------------
Tabulated tight binding
Overlap      : 1
Crystal field: 0
Three centre : 0
N_{ij} Integrals : 0
SN Integrals: 0
Self-consistency parameters:
----------------------------
Number of loops         = 30
Energy tolerance        = 0.000000
Density tolerance       = 0.000001
Mixing scheme           = 0
Preconditioning type    = 1
Thomas-Fermi K          = 1.000000
Mix factor              = 0.200000
Number of mixing levels = 0

Other parameters:
-----------------
Excess number of electrons = 0.000000

State occupation parameters
---------------------------
Number tolerance =      1e-12
Atomic relaxation parameters:
-----------------------------
Relaxation method       = 3
Force tolerance         = 0.000100Ry/a0
Maximum number of steps = 1000

K points:
---------

K points:
---------


No External Field specified.

Atomic data:
------------
Atom Type #    1
----------------
Chemical symbol           : C 
Core charge               : 4.000000
Number of angular momenta : 2
Number of orbitals        : 4
Atomic radius             : 3.750000
Atomic energy correction  : 0.082680
  n l m     energy     occupancy    radius
  2 0 0   -0.997600     2.000000     3.500000
  2 1 0   -0.394800     2.000000     3.500000
  2 1 1   -0.394800     0.000000     3.500000
  2 1 2   -0.394800     0.000000     3.500000

Atom Type #    2
----------------
Chemical symbol           : H 
Core charge               : 1.000000
Number of angular momenta : 1
Number of orbitals        : 1
Atomic radius             : 3.500000
Atomic energy correction  : 0.066060
  n l m     energy     occupancy    radius
  1 0 0   -0.466000     1.000000     3.500000

Orbital and electron count:
---------------------------
Number of orbitals  = 30
Number of electrons = 30.000000

Too few bands to accomodate the electrons.
NBands = 0, NElec = 30.000000
Setting number of bands to number of orbitals.

Diagonalizer information:
-------------------------
Using Unpacked LAPACK routine
NBands = 30


Terminal chemical potentials:
mu[  0] =     -0.3955547
mu[  1] =     -0.3955547

scf :  0) E =      -6.188467648 Ry  dRho =     0.0767  Q =  -6.77e-11  t =       0.0 s

Terminal chemical potentials:
mu[  0] =     -0.3901776
mu[  1] =     -0.3901776

scf :  1) E =      -5.975562054 Ry  dRho =     0.0627  Q =  -5.74e-11  t =       0.0 s

Terminal chemical potentials:
mu[  0] =      -0.386576
mu[  1] =      -0.386576

scf :  2) E =       -5.81992758 Ry  dRho =     0.0492  Q =  -7.31e-11  t =       0.0 s

Terminal chemical potentials:
mu[  0] =     -0.3861631
mu[  1] =     -0.3861631

scf :  3) E =      -5.770529645 Ry  dRho =     0.0375  Q =  -6.12e-11  t =       0.0 s

Terminal chemical potentials:
mu[  0] =     -0.3835348
mu[  1] =     -0.3835348

scf :  4) E =      -5.662647782 Ry  dRho =     0.0276  Q =  -5.92e-11  t =       0.0 s

Terminal chemical potentials:
mu[  0] =     -0.3792597
mu[  1] =     -0.3792597

scf :  5) E =        -5.5118655 Ry  dRho =     0.0194  Q =  -6.21e-11  t =       0.0 s

Terminal chemical potentials:
mu[  0] =     -0.3761346
mu[  1] =     -0.3761346

scf :  6) E =      -5.401312443 Ry  dRho =     0.0136  Q =   1.17e-12  t =       0.0 s

Terminal chemical potentials:
mu[  0] =     -0.3738386
mu[  1] =     -0.3738386

scf :  7) E =       -5.32005483 Ry  dRho =    0.00964  Q =  -8.05e-11  t =       0.0 s

Terminal chemical potentials:
mu[  0] =     -0.3721439
mu[  1] =     -0.3721439

scf :  8) E =       -5.26017142 Ry  dRho =    0.00682  Q =   4.25e-13  t =       0.0 s

Terminal chemical potentials:
mu[  0] =     -0.3708875
mu[  1] =     -0.3708875

scf :  9) E =      -5.215914958 Ry  dRho =    0.00483  Q =   2.06e-13  t =       0.0 s

Terminal chemical potentials:
mu[  0] =      -0.369952
mu[  1] =      -0.369952

scf : 10) E =      -5.183109438 Ry  dRho =    0.00343  Q =   9.93e-14  t =       0.0 s

Terminal chemical potentials:
mu[  0] =     -0.3692526
mu[  1] =     -0.3692526

scf : 11) E =      -5.158715591 Ry  dRho =    0.00243  Q =   3.35e-13  t =       0.0 s

Terminal chemical potentials:
mu[  0] =     -0.3687276
mu[  1] =     -0.3687276

scf : 12) E =       -5.14051736 Ry  dRho =    0.00173  Q =  -6.44e-11  t =       0.0 s

Terminal chemical potentials:
mu[  0] =     -0.3683321
mu[  1] =     -0.3683321

scf : 13) E =      -5.126895561 Ry  dRho =    0.00123  Q =  -5.57e-11  t =       0.0 s

Terminal chemical potentials:
mu[  0] =     -0.3680329
mu[  1] =     -0.3680329

scf : 14) E =      -5.116664387 Ry  dRho =   0.000877  Q =   4.11e-13  t =       0.0 s

Terminal chemical potentials:
mu[  0] =     -0.3678058
mu[  1] =     -0.3678058

scf : 15) E =      -5.108953228 Ry  dRho =   0.000626  Q =   6.17e-13  t =       0.0 s

Terminal chemical potentials:
mu[  0] =     -0.3676328
mu[  1] =     -0.3676328

scf : 16) E =       -5.10312116 Ry  dRho =   0.000449  Q =   1.75e-13  t =       0.0 s

Terminal chemical potentials:
mu[  0] =     -0.3675005
mu[  1] =     -0.3675005

scf : 17) E =      -5.098694991 Ry  dRho =   0.000323  Q =   3.35e-13  t =       0.0 s

Terminal chemical potentials:
mu[  0] =      -0.367399
mu[  1] =      -0.367399

scf : 18) E =      -5.095324298 Ry  dRho =   0.000233  Q =   8.17e-13  t =       0.0 s

Terminal chemical potentials:
mu[  0] =     -0.3673209
mu[  1] =     -0.3673209

scf : 19) E =      -5.092748758 Ry  dRho =   0.000169  Q =   4.95e-13  t =       0.0 s

Terminal chemical potentials:
mu[  0] =     -0.3672607
mu[  1] =     -0.3672607

scf : 20) E =      -5.090774341 Ry  dRho =   0.000123  Q =   4.09e-14  t =       0.0 s

Terminal chemical potentials:
mu[  0] =      -0.367214
mu[  1] =      -0.367214

scf : 21) E =      -5.089255945 Ry  dRho =   9.08e-05  Q =  -1.01e-12  t =       0.0 s

Terminal chemical potentials:
mu[  0] =     -0.3671778
mu[  1] =     -0.3671778

scf : 22) E =       -5.08808468 Ry  dRho =   6.72e-05  Q =  -2.42e-13  t =       0.0 s

Terminal chemical potentials:
mu[  0] =     -0.3671496
mu[  1] =     -0.3671496

scf : 23) E =      -5.087178552 Ry  dRho =   5.02e-05  Q =   6.31e-13  t =       0.0 s

Terminal chemical potentials:
mu[  0] =     -0.3671276
mu[  1] =     -0.3671276

scf : 24) E =      -5.086475598 Ry  dRho =   3.77e-05  Q =   2.94e-13  t =       0.0 s

Terminal chemical potentials:
mu[  0] =     -0.3671104
mu[  1] =     -0.3671104

scf : 25) E =      -5.085928836 Ry  dRho =   2.86e-05  Q =   8.25e-11  t =       0.0 s

Terminal chemical potentials:
mu[  0] =     -0.3670969
mu[  1] =     -0.3670969

scf : 26) E =      -5.085502509 Ry  dRho =   2.19e-05  Q =  -5.82e-13  t =       0.0 s

Terminal chemical potentials:
mu[  0] =     -0.3670863
mu[  1] =     -0.3670863

scf : 27) E =      -5.085169327 Ry  dRho =   1.68e-05  Q =  -7.38e-13  t =       0.0 s

Terminal chemical potentials:
mu[  0] =      -0.367078
mu[  1] =      -0.367078

scf : 28) E =      -5.084908381 Ry  dRho =    1.3e-05  Q =  -5.13e-13  t =       0.0 s

Terminal chemical potentials:
mu[  0] =     -0.3670715
mu[  1] =     -0.3670715

scf : 29) E =      -5.084703605 Ry  dRho =   1.01e-05  Q =   6.33e-11  t =       0.0 s

Terminal chemical potentials:
mu[  0] =     -0.3670663
mu[  1] =     -0.3670663

scf : 30) E =       -5.08454261 Ry  dRho =   7.92e-06  Q =   5.02e-11  t =       0.0 s

Terminal chemical potentials:
mu[  0] =     -0.3670663
mu[  1] =     -0.3670663


Primitive translation vectors (a0):
-----------------------------------
   100.00000      0.00000      0.00000
     0.00000    100.00000      0.00000
     0.00000      0.00000    100.00000
Volume       = 1000000.000000 a0^3
Cell repeats =    0    0    0

Number of atoms = 12
Neighbor cutoff =      7.50000 a0

Atomic positions (a0):
----------------------
C      -0.79999      2.50310     -0.07062
C      -1.87695      0.83016      1.65292
C       1.08821      1.66934     -1.69346
H      -1.37221      4.41607     -0.23146
H      -3.38695      1.43292      2.90046
H       1.92757      2.94345     -3.02338
C      -1.08821     -1.66934      1.69346
C       1.87695     -0.83016     -1.65292
C       0.79999     -2.50310      0.07062
H      -1.92757     -2.94345      3.02338
H       3.38695     -1.43292     -2.90046
H       1.37221     -4.41607      0.23146

Total forces (Ry/a0):
---------------------
    0.03467802373    -0.07884175923   -0.005609397977
    0.02897466437    -0.01389631455     -0.0363071045
  -0.000649003638      -0.139808075     0.04259735099
   -0.02801870192     0.07147323159    0.004394133287
   -0.02502759952     0.01401602696     0.02322109364
    0.02255194537     0.03791742184    -0.03639567522
     0.0992818492     0.01628726893     -0.1003311577
   -0.08836694913    -0.03911791896      0.1216870349
 -0.0006547798909      0.1616199106    -0.05875965734
    -0.0217972361    -0.03902885987     0.03586524034
   -0.02651953854    0.006293170018     0.01979354331
   0.005547326076    0.003085897602     -0.0101554038

Stress Tensor (MBars):
----------------------
  3.394716392e-05  -5.123168952e-07  -3.511501307e-05
 -5.123123144e-07   4.442384114e-05  -1.426117891e-05
 -3.511501546e-05  -1.426117316e-05   4.147012228e-05

EFermi =      0.0000000 Ry
(kT    =      0.0010000 Ry)

E0               =      2.5829567 Ry
E1               =     -7.6674993 Ry
Entropy          =      0.0000000 Ry
------------------------------------
Total (Free)     =     -5.0845426 Ry
                 =    -69.1792698 eV
                 =  -1599.3428779 kCal/mol
                 =  -6691.2580743 kJ/mol
------------------------------------
Total (Internal) =     -5.0845426 Ry
                 =    -69.1792698 eV
                 =  -1599.3428779 kCal/mol
                 =  -6691.2580743 kJ/mol
------------------------------------
Total (kT->0)    =     -5.0845426 Ry
                 =    -69.1792698 eV
                 =  -1599.3428779 kCal/mol
                 =  -6691.2580743 kJ/mol

Net atomic charges (Mulliken):
------------------------------
C (   1) =     -0.04855
C (   2) =     -0.04659
C (   3) =     -0.03767
H (   4) =      0.05103
H (   5) =      0.04897
H (   6) =      0.04870
C (   7) =     -0.03766
C (   8) =     -0.06970
C (   9) =     -0.07217
H (  10) =      0.04864
H (  11) =      0.05616
H (  12) =      0.05884

Orbital populations (Mulliken):
-------------------------------
C (   1):  1.18  0.96  0.97  0.95 
C (   2):  1.18  0.97  0.97  0.94 
C (   3):  1.18  0.96  0.96  0.93 
H (   4):  0.95 
H (   5):  0.95 
H (   6):  0.95 
C (   7):  1.18  0.96  0.96  0.94 
C (   8):  1.19  0.97  0.97  0.94 
C (   9):  1.18  0.96  0.97  0.96 
H (  10):  0.95 
H (  11):  0.94 
H (  12):  0.94 

Total multipole moments:
------------------------

N.B. See the manual for the ordering of the moments.

Dipole  [e*a0]:   0.01732256  -0.02710517   0.03368932
Dipole [Debye]:   0.04402954  -0.06889446   0.08562971

Quadrupole  [e*a0^2]:  -0.50225682  -0.50646262  -1.60851058   0.93349450  -0.70040798  -0.43123768
Quadrupole [Debye*A]:  -0.67555232  -0.68120926  -2.16350085   1.25558151  -0.94207230  -0.58002919


Electrostatic potential:
------------------------
C (   1):     0.02727317
C (   2):     0.02749267
C (   3):     0.03002705
H (   4):   -0.001087049
H (   5):  -0.0009969927
H (   6):   0.0005507456
C (   7):     0.02995719
C (   8):     0.03564412
C (   9):     0.03531267
H (  10):   0.0004455442
H (  11):    0.005918578
H (  12):    0.005628011

Electric current
----------------
Current[0] =  -1.0805666e-12 mA

Time distribution (s):
======================
BuildFock                   0.00
DiagFock                    0.00
BuildForce                  0.00
Build Rho                   0.00


Wall time =       0.0s        0.0m        0.0h
CPU time  =       0.1s        0.0m        0.0h
