    -----------------
    | Tight Binding |
    -----------------

The model is taken from the following papers:

Computational materials synthesis. I. A tight-binding scheme for hydrocarbons
A. P. Horsfield, P. D. Godwin, D. G. Pettifor, and A. P. Sutton
PHYSICAL REVIEW B VOLUME 54, NUMBER 22 1 DECEMBER 1996-II

Model characteristics
---------------------
Tabulated tight binding
Overlap      : 0
Crystal field: 0
Three centre : 0
N_{ij} Integrals : 0
SN Integrals: 0
Self-consistency parameters:
----------------------------
Number of loops         = 200
Energy tolerance        = 0.000000
Density tolerance       = 0.000010
Mixing scheme           = 1
Preconditioning type    = 1
Thomas-Fermi K          = 1.000000
Mix factor              = 0.020000
Number of mixing levels = 5

Other parameters:
-----------------
Excess number of electrons = 0.000000

State occupation parameters
---------------------------
Number tolerance =      1e-12
Atomic relaxation parameters:
-----------------------------
Relaxation method       = 3
Force tolerance         = 0.000100Ry/a0
Maximum number of steps = 1000

K points:
---------

K points:
---------


Atomic data:
------------
Atom Type #    1
----------------
Chemical symbol           : C 
Core charge               : 4.000000
Number of angular momenta : 2
Number of orbitals        : 4
Atomic radius             : 4.913288
Atomic energy correction  : 0.000000
  n l m     energy     occupancy    radius
  2 0 0   -0.219760     2.000000     4.913288
  2 1 0   0.272680     0.666670     4.913288
  2 1 1   0.272680     0.666670     4.913288
  2 1 2   0.272680     0.666660     4.913288

Atom Type #    2
----------------
Chemical symbol           : H 
Core charge               : 1.000000
Number of angular momenta : 1
Number of orbitals        : 1
Atomic radius             : 2.305467
Atomic energy correction  : 0.066060
  n l m     energy     occupancy    radius
  1 0 0   -0.349079     1.000000     2.305467

Orbital and electron count:
---------------------------
Number of orbitals  = 30
Number of electrons = 30.000000

Too few bands to accomodate the electrons.
NBands = 0, NElec = 30.000000
Setting number of bands to number of orbitals.

Diagonalizer information:
-------------------------
Using Unpacked LAPACK routine
NBands = 30

scf :  0) E =       3.156210829 Ry  dRho =      0.347  Q =          0  t =       0.0 s
scf :  1) E =       2.920667982 Ry  dRho =      0.336  Q =   1.78e-15  t =       0.0 s
scf :  2) E =       2.579966103 Ry  dRho =       0.32  Q =   7.77e-15  t =       0.0 s
scf :  3) E =       2.238076973 Ry  dRho =      0.305  Q =   2.33e-15  t =       0.0 s
scf :  4) E =        1.89500295 Ry  dRho =      0.289  Q =   8.33e-15  t =       0.0 s
scf :  5) E =       1.550746743 Ry  dRho =      0.274  Q =   3.66e-15  t =       0.0 s
scf :  6) E =       1.205311418 Ry  dRho =      0.258  Q =  -5.55e-16  t =       0.0 s
scf :  7) E =      0.8587004037 Ry  dRho =      0.242  Q =  -9.99e-16  t =       0.0 s
scf :  8) E =       0.510917494 Ry  dRho =      0.227  Q =   1.17e-14  t =       0.0 s
scf :  9) E =      0.1619668501 Ry  dRho =      0.211  Q =   5.55e-16  t =       0.0 s
scf : 10) E =     -0.1881469957 Ry  dRho =      0.195  Q =   4.33e-15  t =       0.0 s
scf : 11) E =     -0.5394191346 Ry  dRho =      0.179  Q =   4.44e-15  t =       0.0 s
scf : 12) E =     -0.8918442802 Ry  dRho =      0.163  Q =   2.33e-15  t =       0.0 s
scf : 13) E =       -1.24541677 Ry  dRho =      0.148  Q =   9.66e-15  t =       0.0 s
scf : 14) E =      -1.600130553 Ry  dRho =      0.132  Q =   4.88e-15  t =       0.0 s
scf : 15) E =        -1.9559792 Ry  dRho =      0.116  Q =   2.89e-15  t =       0.0 s
scf : 16) E =      -2.312955893 Ry  dRho =     0.0999  Q =  -6.66e-16  t =       0.0 s
scf : 17) E =       -2.67105343 Ry  dRho =     0.0839  Q =   7.11e-15  t =       0.0 s
scf : 18) E =       -3.03026422 Ry  dRho =     0.0679  Q =      5e-15  t =       0.0 s
scf : 19) E =      -3.390580284 Ry  dRho =     0.0518  Q =   3.66e-15  t =       0.0 s
scf : 20) E =      -3.751993256 Ry  dRho =     0.0358  Q =   6.66e-16  t =       0.0 s
scf : 21) E =       -3.93424027 Ry  dRho =     0.0277  Q =   4.33e-15  t =       0.0 s
scf : 22) E =      -3.871226786 Ry  dRho =     0.0305  Q =   6.22e-15  t =       0.0 s
scf : 23) E =      -3.509454555 Ry  dRho =     0.0466  Q =   1.04e-14  t =       0.0 s
scf : 24) E =      -3.871226786 Ry  dRho =     0.0305  Q =   6.22e-15  t =       0.0 s
scf : 25) E =      -3.893321479 Ry  dRho =     0.0295  Q =   3.55e-15  t =       0.0 s
scf : 26) E =      -3.914709419 Ry  dRho =     0.0286  Q =   6.77e-15  t =       0.0 s
scf : 27) E =      -3.935413024 Ry  dRho =     0.0276  Q =   9.33e-15  t =       0.0 s
scf : 28) E =      -4.298461682 Ry  dRho =     0.0115  Q =      2e-15  t =       0.0 s
scf : 29) E =       -4.55777047 Ry  dRho =   5.97e-05  Q =   4.44e-16  t =       0.0 s
scf : 30) E =      -4.558110163 Ry  dRho =   4.46e-05  Q =   4.88e-15  t =       0.0 s
scf : 31) E =      -4.559124757 Ry  dRho =   2.66e-07  Q =   5.44e-15  t =       0.0 s

Before Relaxation:
==================

Primitive translation vectors (a0):
-----------------------------------
   100.00000      0.00000      0.00000
     0.00000    100.00000      0.00000
     0.00000      0.00000    100.00000
Volume       = 1000000.000000 a0^3
Cell repeats =    0    0    0

Number of atoms = 12
Neighbor cutoff =      9.82658 a0

Atomic positions (a0):
----------------------
C       0.00000      2.65076      0.00000
H       0.00000      4.70597      0.00000
C      -2.29562      1.32538      0.00000
H      -4.07550      2.35299      0.00000
C      -2.29562     -1.32538      0.00000
H      -4.07550     -2.35299      0.00000
C       0.00000     -2.65076      0.00000
H       0.00000     -4.70597      0.00000
C       2.29562     -1.32538      0.00000
H       4.07550     -2.35299      0.00000
C       2.29562      1.32538      0.00000
H       4.07550      2.35299      0.00000

Total forces (Ry/a0):
---------------------
 -8.537152466e-15    -0.02395427482  -1.578625406e-16
  3.380397814e-15   0.0008837596066  -1.635884684e-16
    0.02073507065    -0.01197300673   4.595818472e-16
 -0.0007553692829   0.0004358317672  -1.487481827e-16
    0.02073507065     0.01197300673  -4.073803685e-16
  -0.000755369283  -0.0004358317672  -4.632711514e-17
 -2.301824119e-14     0.02395427482   1.857016854e-16
  8.236430924e-15  -0.0008837596067  -4.459329766e-17
   -0.02073507065     0.01197300673   2.047723322e-16
   0.000755369283  -0.0004358317672   2.784801851e-18
   -0.02073507065    -0.01197300673    1.82935381e-16
  0.0007553692829   0.0004358317672  -6.727607456e-17

Stress Tensor (MBars):
----------------------
  2.619778477e-05   7.699261218e-18                -0
  7.760634822e-18   2.619243801e-05                -0
  -1.91591948e-19   1.112769641e-19                -0

EFermi =      0.1769123 Ry
(kT    =      0.0010000 Ry)

E0               =     13.8696493 Ry
E1               =    -18.4287740 Ry
Entropy          =      0.0000000 Ry
------------------------------------
Total (Free)     =     -4.5591248 Ry
                 =    -62.0305396 eV
                 =  -1434.0726925 kCal/mol
                 =  -5999.8081809 kJ/mol
------------------------------------
Total (Internal) =     -4.5591248 Ry
                 =    -62.0305396 eV
                 =  -1434.0726925 kCal/mol
                 =  -5999.8081809 kJ/mol
------------------------------------
Total (kT->0)    =     -4.5591248 Ry
                 =    -62.0305396 eV
                 =  -1434.0726925 kCal/mol
                 =  -5999.8081809 kJ/mol

Net atomic charges (Mulliken):
------------------------------
C (   1) =      0.21916
H (   2) =     -0.21916
C (   3) =      0.21916
H (   4) =     -0.21916
C (   5) =      0.21916
H (   6) =     -0.21916
C (   7) =      0.21916
H (   8) =     -0.21916
C (   9) =      0.21916
H (  10) =     -0.21916
C (  11) =      0.21916
H (  12) =     -0.21916

Orbital populations (Mulliken):
-------------------------------
C (   1):  1.11  1.00  0.92  0.75 
H (   2):  1.22 
C (   3):  1.11  1.00  0.79  0.88 
H (   4):  1.22 
C (   5):  1.11  1.00  0.79  0.88 
H (   6):  1.22 
C (   7):  1.11  1.00  0.92  0.75 
H (   8):  1.22 
C (   9):  1.11  1.00  0.79  0.88 
H (  10):  1.22 
C (  11):  1.11  1.00  0.79  0.88 
H (  12):  1.22 

Total multipole moments:
------------------------

N.B. See the manual for the ordering of the moments.

Dipole  [e*a0]:   0.00000000   0.00000000   0.00000000
Dipole [Debye]:   0.00000000   0.00000000   0.00000000

Quadrupole  [e*a0^2]:  -4.97051596  -0.00000000  -0.00000000  -4.97033431  -0.00000000   9.94085027
Quadrupole [Debye*A]:  -6.68551120  -0.00000000  -0.00000000  -6.68526687  -0.00000000  13.37077807


Electrostatic potential:
------------------------
C (   1):     -0.2118778
H (   2):    -0.01982551
C (   3):     -0.2118779
H (   4):    -0.01982356
C (   5):     -0.2118779
H (   6):    -0.01982356
C (   7):     -0.2118778
H (   8):    -0.01982551
C (   9):     -0.2118779
H (  10):    -0.01982356
C (  11):     -0.2118779
H (  12):    -0.01982356
scf :  0) E =      -4.512889793 Ry  dRho =    0.00202  Q =   1.33e-15  t =       0.0 s
scf :  1) E =      -4.514414183 Ry  dRho =    0.00195  Q =   5.11e-15  t =       0.0 s
scf :  2) E =      -4.559361792 Ry  dRho =   1.02e-06  Q =  -2.22e-16  t =       0.0 s
scf :  0) E =      -4.580983451 Ry  dRho =   0.000917  Q =   3.44e-15  t =       0.0 s
scf :  1) E =      -4.580301858 Ry  dRho =   0.000887  Q =   5.11e-15  t =       0.0 s
scf :  2) E =      -4.560047906 Ry  dRho =   5.74e-07  Q =  -2.78e-15  t =       0.0 s
scf :  0) E =      -4.576506796 Ry  dRho =   0.000704  Q =  -1.11e-15  t =       0.0 s
scf :  1) E =      -4.575985713 Ry  dRho =   0.000681  Q =   5.33e-15  t =       0.0 s
scf :  2) E =      -4.560454531 Ry  dRho =   3.03e-07  Q =   7.55e-15  t =       0.0 s
scf :  0) E =       -4.58273134 Ry  dRho =   0.000968  Q =   9.99e-15  t =       0.0 s
scf :  1) E =      -4.582017683 Ry  dRho =   0.000937  Q =   1.33e-15  t =       0.0 s
scf :  2) E =      -4.560660091 Ry  dRho =   1.95e-07  Q =   4.66e-15  t =       0.0 s
scf :  0) E =      -4.560272033 Ry  dRho =    1.7e-05  Q =   6.33e-15  t =       0.0 s
scf :  1) E =       -4.56028455 Ry  dRho =   1.64e-05  Q =   2.66e-15  t =       0.0 s
scf :  2) E =      -4.560659165 Ry  dRho =   2.15e-07  Q =   1.08e-14  t =       0.0 s

After relaxation:
=================

Primitive translation vectors (a0):
-----------------------------------
   100.00000      0.00000      0.00000
     0.00000    100.00000      0.00000
     0.00000      0.00000    100.00000
Volume       = 1000000.000000 a0^3
Cell repeats =    0    0    0

Number of atoms = 12
Neighbor cutoff =      9.82658 a0

Atomic positions (a0):
----------------------
C       0.00000      2.62877      0.00000
H       0.00000      4.68482     -0.00000
C      -2.27658      1.31439     -0.00000
H      -4.05718      2.34242     -0.00000
C      -2.27658     -1.31439      0.00000
H      -4.05718     -2.34242      0.00000
C      -0.00000     -2.62877      0.00000
H       0.00000     -4.68482     -0.00000
C       2.27658     -1.31439      0.00000
H       4.05718     -2.34242     -0.00000
C       2.27658      1.31439     -0.00000
H       4.05718      2.34242      0.00000

Total forces (Ry/a0):
---------------------
 -1.540468627e-13   6.597163528e-06   1.482680876e-16
 -8.840039564e-16  -6.854232121e-07  -1.393466255e-16
 -5.004399324e-06  -8.636748503e-06  -3.450121436e-16
  1.696818098e-06  -6.374599592e-07  -8.161239546e-18
   -5.0044001e-06   8.636748724e-06   2.014407165e-16
  1.696818382e-06   6.374599872e-07  -1.426063876e-16
  2.316927005e-13  -6.597164283e-06   1.615733507e-16
 -2.138987288e-14   6.854236331e-07   2.561373958e-17
  5.004399735e-06   8.636748761e-06  -1.198970807e-16
 -1.696818267e-06   6.374599194e-07  -5.278805667e-17
  5.004399536e-06  -8.636748651e-06    3.38637199e-16
 -1.696818115e-06  -6.374599442e-07  -6.772155979e-17

Stress Tensor (MBars):
----------------------
 -2.653028616e-09   6.893593368e-17   8.666657199e-26
  6.892702222e-17   3.400892109e-09  -9.648367159e-25
 -1.393987685e-19   9.464928875e-20  -2.996621916e-35

EFermi =      0.1794424 Ry
(kT    =      0.0010000 Ry)

E0               =     14.1479691 Ry
E1               =    -18.7086282 Ry
Entropy          =      0.0000000 Ry
------------------------------------
Total (Free)     =     -4.5606592 Ry
                 =    -62.0514165 eV
                 =  -1434.5553405 kCal/mol
                 =  -6001.8274618 kJ/mol
------------------------------------
Total (Internal) =     -4.5606592 Ry
                 =    -62.0514165 eV
                 =  -1434.5553405 kCal/mol
                 =  -6001.8274618 kJ/mol
------------------------------------
Total (kT->0)    =     -4.5606592 Ry
                 =    -62.0514165 eV
                 =  -1434.5553405 kCal/mol
                 =  -6001.8274618 kJ/mol

Net atomic charges (Mulliken):
------------------------------
C (   1) =      0.21880
H (   2) =     -0.21880
C (   3) =      0.21880
H (   4) =     -0.21880
C (   5) =      0.21880
H (   6) =     -0.21880
C (   7) =      0.21880
H (   8) =     -0.21880
C (   9) =      0.21880
H (  10) =     -0.21880
C (  11) =      0.21880
H (  12) =     -0.21880

Orbital populations (Mulliken):
-------------------------------
C (   1):  1.11  1.00  0.92  0.75 
H (   2):  1.22 
C (   3):  1.11  1.00  0.79  0.88 
H (   4):  1.22 
C (   5):  1.11  1.00  0.79  0.88 
H (   6):  1.22 
C (   7):  1.11  1.00  0.92  0.75 
H (   8):  1.22 
C (   9):  1.11  1.00  0.79  0.88 
H (  10):  1.22 
C (  11):  1.11  1.00  0.79  0.88 
H (  12):  1.22 

Total multipole moments:
------------------------

N.B. See the manual for the ordering of the moments.

Dipole  [e*a0]:   0.00000000  -0.00000000  -0.00000000
Dipole [Debye]:   0.00000000  -0.00000000  -0.00000000

Quadrupole  [e*a0^2]:  -4.93526011  -0.00000000  -0.00000000  -4.93527869  -0.00000000   9.87053879
Quadrupole [Debye*A]:  -6.63809089  -0.00000000  -0.00000000  -6.63811588  -0.00000000  13.27620678


Electrostatic potential:
------------------------
C (   1):     -0.2132924
H (   2):    -0.02029993
C (   3):     -0.2132922
H (   4):    -0.02029993
C (   5):     -0.2132922
H (   6):    -0.02029993
C (   7):     -0.2132924
H (   8):    -0.02029993
C (   9):     -0.2132922
H (  10):    -0.02029993
C (  11):     -0.2132922
H (  12):    -0.02029993

Time distribution (s):
======================
BuildFock                   0.00
DiagFock                    0.00
BuildForce                  0.00
Build Rho                   0.00


Wall time =       0.0s        0.0m        0.0h
CPU time  =       0.1s        0.0m        0.0h
